#
# There is insufficient memory for the Java Runtime Environment to continue.
# Native memory allocation (malloc) failed to allocate 876120 bytes. Error detail: Chunk::new
# Possible reasons:
#   The system is out of physical RAM or swap space
#   This process is running with CompressedOops enabled, and the Java Heap may be blocking the growth of the native heap
# Possible solutions:
#   Reduce memory load on the system
#   Increase physical memory or swap space
#   Check if swap backing store is full
#   Decrease Java heap size (-Xmx/-Xms)
#   Decrease number of Java threads
#   Decrease Java thread stack sizes (-Xss)
#   Set larger code cache with -XX:ReservedCodeCacheSize=
#   JVM is running with Zero Based Compressed Oops mode in which the Java heap is
#     placed in the first 32GB address space. The Java Heap base address is the
#     maximum limit for the native heap growth. Please use -XX:HeapBaseMinAddress
#     to set the Java Heap base and to place the Java Heap above 32GB virtual address.
# This output file may be truncated or incomplete.
#
#  Out of Memory Error (arena.cpp:186), pid=29876, tid=11008
#
# JRE version: OpenJDK Runtime Environment Temurin-25.0.2+10 (25.0.2+10) (build 25.0.2+10-LTS)
# Java VM: OpenJDK 64-Bit Server VM Temurin-25.0.2+10 (25.0.2+10-LTS, mixed mode, sharing, tiered, compressed oops, compressed class ptrs, g1 gc, windows-amd64)
# No core dump will be written. Minidumps are not enabled by default on client versions of Windows
#

---------------  S U M M A R Y ------------

Command Line: -Dapplication.home=C:\Program Files\Eclipse Adoptium\jdk-25.0.2.10-hotspot --add-modules=ALL-DEFAULT -Xms8m -Djdk.module.main=jdk.compiler jdk.compiler/com.sun.tools.javac.Main User.java

Host: 13th Gen Intel(R) Core(TM) i5-13450HX, 16 cores, 15G,  Windows 11 , 64 bit Build 22621 (10.0.22621.4435)
Time: Tue Jun 30 21:44:23 2026 India Standard Time elapsed time: 0.637252 seconds (0d 0h 0m 0s)

---------------  T H R E A D  ---------------

Current thread (0x0000022213071b80):  JavaThread "C2 CompilerThread1" daemon [_thread_in_native, id=11008, stack(0x000000d0d6800000,0x000000d0d6900000) (1024K)]


Current CompileTask:
C2:637 1167       4       java.lang.StringLatin1::indexOf (121 bytes)

Stack: [0x000000d0d6800000,0x000000d0d6900000]
Native frames: (J=compiled Java code, j=interpreted, Vv=VM code, C=native code)
V  [jvm.dll+0x7a8bc9]  (no source info available)
V  [jvm.dll+0x77310d]  (no source info available)
V  [jvm.dll+0x9f55f3]  (no source info available)
V  [jvm.dll+0x9f7be1]  (no source info available)
V  [jvm.dll+0x9f82f3]  (no source info available)
V  [jvm.dll+0x2fce26]  (no source info available)
V  [jvm.dll+0x111076]  (no source info available)
V  [jvm.dll+0x11139e]  (no source info available)
V  [jvm.dll+0x19fff2]  (no source info available)
V  [jvm.dll+0x3b5f62]  (no source info available)
V  [jvm.dll+0x7ae53c]  (no source info available)
V  [jvm.dll+0x2c0407]  (no source info available)
V  [jvm.dll+0x2bf3cf]  (no source info available)
V  [jvm.dll+0x237140]  (no source info available)
V  [jvm.dll+0x2cf4c6]  (no source info available)
V  [jvm.dll+0x2cd74a]  (no source info available)
V  [jvm.dll+0x48fbee]  (no source info available)
V  [jvm.dll+0x996b0d]  (no source info available)
V  [jvm.dll+0x7a71a5]  (no source info available)
C  [ucrtbase.dll+0x29333]  (no source info available)
C  [KERNEL32.DLL+0x1259d]  (no source info available)
C  [ntdll.dll+0x5af38]  (no source info available)

Lock stack of current Java thread (top to bottom):


---------------  P R O C E S S  ---------------

Threads class SMR info:
_java_thread_list=0x0000022218665ce0, length=15, elements={
0x000002227111f510, 0x000002221304da50, 0x000002221304e210, 0x0000022213051e50,
0x0000022213052a10, 0x00000222130555e0, 0x00000222130561a0, 0x0000022213063970,
0x000002221306d2f0, 0x0000022213071370, 0x0000022213070b60, 0x0000022213071b80,
0x0000022213817b50, 0x00000222139385d0, 0x000002221306db00
}

Java Threads: ( => current thread )
  0x000002227111f510 JavaThread "main"                              [_thread_blocked, id=27536, stack(0x000000d0d5600000,0x000000d0d5700000) (1024K)]
  0x000002221304da50 JavaThread "Reference Handler"          daemon [_thread_blocked, id=30044, stack(0x000000d0d5e00000,0x000000d0d5f00000) (1024K)]
  0x000002221304e210 JavaThread "Finalizer"                  daemon [_thread_blocked, id=28164, stack(0x000000d0d5f00000,0x000000d0d6000000) (1024K)]
  0x0000022213051e50 JavaThread "Signal Dispatcher"          daemon [_thread_blocked, id=22184, stack(0x000000d0d6000000,0x000000d0d6100000) (1024K)]
  0x0000022213052a10 JavaThread "Attach Listener"            daemon [_thread_blocked, id=23240, stack(0x000000d0d6100000,0x000000d0d6200000) (1024K)]
  0x00000222130555e0 JavaThread "Service Thread"             daemon [_thread_blocked, id=6016, stack(0x000000d0d6200000,0x000000d0d6300000) (1024K)]
  0x00000222130561a0 JavaThread "Monitor Deflation Thread"   daemon [_thread_blocked, id=24372, stack(0x000000d0d6300000,0x000000d0d6400000) (1024K)]
  0x0000022213063970 JavaThread "C2 CompilerThread0"         daemon [_thread_blocked, id=24396, stack(0x000000d0d6400000,0x000000d0d6500000) (1024K)]
  0x000002221306d2f0 JavaThread "C1 CompilerThread0"         daemon [_thread_blocked, id=26244, stack(0x000000d0d6500000,0x000000d0d6600000) (1024K)]
  0x0000022213071370 JavaThread "C1 CompilerThread1"         daemon [_thread_blocked, id=2152, stack(0x000000d0d6600000,0x000000d0d6700000) (1024K)]
  0x0000022213070b60 JavaThread "C1 CompilerThread2"         daemon [_thread_blocked, id=3856, stack(0x000000d0d6700000,0x000000d0d6800000) (1024K)]
=>0x0000022213071b80 JavaThread "C2 CompilerThread1"         daemon [_thread_in_native, id=11008, stack(0x000000d0d6800000,0x000000d0d6900000) (1024K)]
  0x0000022213817b50 JavaThread "Notification Thread"        daemon [_thread_blocked, id=16072, stack(0x000000d0d6900000,0x000000d0d6a00000) (1024K)]
  0x00000222139385d0 JavaThread "Common-Cleaner"             daemon [_thread_blocked, id=22940, stack(0x000000d0d6a00000,0x000000d0d6b00000) (1024K)]
  0x000002221306db00 JavaThread "C2 CompilerThread2"         daemon [_thread_blocked, id=5128, stack(0x000000d0d7000000,0x000000d0d7100000) (1024K)]
Total: 15

Other Threads:
  0x000002221303e730 VMThread "VM Thread"                           [id=10188, stack(0x000000d0d5d00000,0x000000d0d5e00000) (1024K)]
  0x0000022212f0cd40 WatcherThread "VM Periodic Task Thread"        [id=29636, stack(0x000000d0d5c00000,0x000000d0d5d00000) (1024K)]
  0x00000222733d79b0 WorkerThread "GC Thread#0"                     [id=5068, stack(0x000000d0d5700000,0x000000d0d5800000) (1024K)]
  0x000002221853ba80 WorkerThread "GC Thread#1"                     [id=29060, stack(0x000000d0d6b00000,0x000000d0d6c00000) (1024K)]
  0x00000222185b11f0 WorkerThread "GC Thread#2"                     [id=20388, stack(0x000000d0d6c00000,0x000000d0d6d00000) (1024K)]
  0x0000022218643e70 WorkerThread "GC Thread#3"                     [id=28300, stack(0x000000d0d6d00000,0x000000d0d6e00000) (1024K)]
  0x00000222733f03c0 ConcurrentGCThread "G1 Main Marker"            [id=27248, stack(0x000000d0d5800000,0x000000d0d5900000) (1024K)]
  0x00000222733f10e0 WorkerThread "G1 Conc#0"                       [id=2540, stack(0x000000d0d5900000,0x000000d0d5a00000) (1024K)]
  0x000002221868afc0 WorkerThread "G1 Conc#1"                       [id=29164, stack(0x000000d0d6e00000,0x000000d0d6f00000) (1024K)]
  0x000002221868ec20 WorkerThread "G1 Conc#2"                       [id=19216, stack(0x000000d0d6f00000,0x000000d0d7000000) (1024K)]
  0x0000022212f054e0 ConcurrentGCThread "G1 Refine#0"               [id=17068, stack(0x000000d0d5a00000,0x000000d0d5b00000) (1024K)]
  0x0000022212f06db0 ConcurrentGCThread "G1 Service"                [id=31164, stack(0x000000d0d5b00000,0x000000d0d5c00000) (1024K)]
Total: 12

Threads with active compile tasks:
C2 CompilerThread0  678 1173       4       jdk.internal.jimage.BasicImageReader::getString (35 bytes)
C1 CompilerThread0  678 1201       3       com.sun.tools.javac.code.Scope$ScopeImpl::getIndex (101 bytes)
C1 CompilerThread1  678 1198       3       java.util.regex.Pattern$Bound::check (168 bytes)
C2 CompilerThread1  678 1167       4       java.lang.StringLatin1::indexOf (121 bytes)
C2 CompilerThread2  678 1171       4       jdk.internal.jimage.ImageLocation::getAttributeString (54 bytes)
Total: 5

VM state: at safepoint (normal execution)

VM Mutex/Monitor currently owned by a thread:  ([mutex/lock_event])
[0x00007ffddf483cc8] FreeList_lock - owner thread: 0x0000022218643e70
[0x00007ffddf4863c8] Threads_lock - owner thread: 0x000002221303e730
[0x00007ffddf486548] Heap_lock - owner thread: 0x000002227111f510

Heap address: 0x0000000704800000, size: 4024 MB, Compressed Oops mode: Zero based, Oop shift amount: 3

CDS archive(s) mapped at: [0x0000000031000000-0x0000000031dd0000-0x0000000031dd0000), size 14483456, SharedBaseAddress: 0x0000000031000000, ArchiveRelocationMode: 1.
Compressed class space mapped at: 0x0000000032000000-0x0000000072000000, reserved size: 1073741824
UseCompressedClassPointers 1, UseCompactObjectHeaders 0
Narrow klass pointer bits 32, Max shift 3
Narrow klass base: 0x0000000031000000, Narrow klass shift: 0
Encoding Range: [0x0000000031000000 - 0x0000000131000000), (4294967296 bytes)
Klass Range:    [0x0000000031010000 - 0x0000000072000000), (1090453504 bytes)
Klass ID Range:  [65536 - 1090519033) (1090453497)
Protection zone: [0x0000000031000000 - 0x0000000031010000), (65536 bytes)

GC Precious Log:
 CardTable entry size: 512
 Card Set container configuration: InlinePtr #cards 4 size 8 Array Of Cards #cards 16 size 48 Howl #buckets 8 coarsen threshold 3686 Howl Bitmap #cards 512 size 80 coarsen threshold 460 Card regions per heap region 1 cards per card region 4096
 CPUs: 16 total, 16 available
 Memory: 16091M
 Large Page Support: Disabled
 NUMA Support: Disabled
 Compressed Oops: Enabled (Zero based)
 Heap Region Size: 2M
 Heap Min Capacity: 8M
 Heap Initial Capacity: 8M
 Heap Max Capacity: 4024M
 Pre-touch: Disabled
 Parallel Workers: 13
 Concurrent Workers: 3
 Concurrent Refinement Workers: 13
 Periodic GC: Disabled

Heap:
 garbage-first heap   total reserved 4120576K, committed 10240K, used 6193K [0x0000000704800000, 0x0000000800000000)
  region size 2048K, 2 young (4096K), 1 survivors (2048K)

Heap Regions: E=young(eden), S=young(survivor), O=old, HS=humongous(starts), HC=humongous(continues), CS=collection set, F=free, TAMS=top-at-mark-start, PB=parsable bottom
|   0|0x0000000704800000, 0x0000000704a00000, 0x0000000704a00000|100%| O|  |TAMS 0x0000000704800000| PB 0x0000000704800000| Untracked |  0
|   1|0x0000000704a00000, 0x0000000704b76078, 0x0000000704c00000| 73%| E|CS|TAMS 0x0000000704a00000| PB 0x0000000704a00000| Complete |  0
|   2|0x0000000704c00000, 0x0000000704c42920, 0x0000000704e00000| 13%| S|  |TAMS 0x0000000704c00000| PB 0x0000000704c00000| Complete |  0
|   3|0x0000000704e00000, 0x0000000705000000, 0x0000000705000000|100%| E|CS|TAMS 0x0000000704e00000| PB 0x0000000704e00000| Complete |  0
|2011|0x00000007ffe00000, 0x00000007fff24ea8, 0x0000000800000000| 57%| O|CS|TAMS 0x00000007ffe00000| PB 0x00000007ffe00000| Complete |  0

Card table byte_map: [0x000002227cec0000,0x000002227d6a0000] _byte_map_base: 0x000002227969c000

Marking Bits: (CMBitMap*) 0x00000222733d8140
 Bits: [0x000002220f000000, 0x0000022212ee0000)

Polling page: 0x0000022272b30000

Metaspace:
Metaspace        used 8061K, committed 8256K, reserved 1114112K
 class space     used 952K, committed 1024K, reserved 1048576K

Usage:
  Non-class:      6.94 MB used.
      Class:    952.21 KB used.
       Both:      7.87 MB used.

Virtual space:
  Non-class space:       64.00 MB reserved,       7.06 MB ( 11%) committed,  1 nodes.
      Class space:        1.00 GB reserved,       1.00 MB ( <1%) committed,  1 nodes.
             Both:        1.06 GB reserved,       8.06 MB ( <1%) committed. 

Chunk freelists:
   Non-Class:  6.33 MB
       Class:  14.89 MB
        Both:  21.22 MB

MaxMetaspaceSize: unlimited
CompressedClassSpaceSize: 1.00 GB
Initial GC threshold: 21.00 MB
Current GC threshold: 21.00 MB
CDS: on
 - commit_granule_bytes: 65536.
 - commit_granule_words: 8192.
 - virtual_space_node_default_size: 8388608.
 - enlarge_chunks_in_place: 1.
UseCompressedClassPointers 1, UseCompactObjectHeaders 0
Narrow klass pointer bits 32, Max shift 3
Narrow klass base: 0x0000000031000000, Narrow klass shift: 0
Encoding Range: [0x0000000031000000 - 0x0000000131000000), (4294967296 bytes)
Klass Range:    [0x0000000031010000 - 0x0000000072000000), (1090453504 bytes)
Klass ID Range:  [65536 - 1090519033) (1090453497)
Protection zone: [0x0000000031000000 - 0x0000000031010000), (65536 bytes)


Internal statistics:

num_allocs_failed_limit: 0.
num_arena_births: 64.
num_arena_deaths: 0.
num_vsnodes_births: 2.
num_vsnodes_deaths: 0.
num_space_committed: 129.
num_space_uncommitted: 0.
num_chunks_returned_to_freelist: 0.
num_chunks_taken_from_freelist: 348.
num_chunk_merges: 0.
num_chunk_splits: 244.
num_chunks_enlarged: 192.
num_inconsistent_stats: 0.

CodeHeap 'non-profiled nmethods': size=119232Kb used=312Kb max_used=312Kb free=118919Kb
 bounds [0x0000022207b90000, 0x0000022207e00000, 0x000002220f000000]
CodeHeap 'profiled nmethods': size=119104Kb used=1541Kb max_used=1541Kb free=117562Kb
 bounds [0x0000022200000000, 0x0000022200270000, 0x0000022207450000]
CodeHeap 'non-nmethods': size=7424Kb used=2442Kb max_used=2480Kb free=4981Kb
 bounds [0x0000022207450000, 0x00000222076c0000, 0x0000022207b90000]
CodeCache: size=245760Kb, used=4295Kb, max_used=4333Kb, free=241462Kb
 total_blobs=1624, nmethods=1191, adapters=333, full_count=0
Compilation: enabled, stopped_count=0, restarted_count=0

Compilation events (20 events):
Event: 0.634 Thread 0x0000022213070b60 1181       3       com.sun.tools.javac.comp.Annotate$AnnotationTypeMetadata::notAnAnnotationType (4 bytes)
Event: 0.634 Thread 0x0000022213071370 nmethod 1179 0x000002220017a808 code [0x000002220017a900, 0x000002220017aef8]
Event: 0.634 Thread 0x0000022213070b60 nmethod 1181 0x000002220017af08 code [0x000002220017b000, 0x000002220017b0f0]
Event: 0.634 Thread 0x000002221306d2f0 nmethod 1180 0x000002220017b208 code [0x000002220017b300, 0x000002220017b4d0]
Event: 0.634 Thread 0x0000022213070b60 1182       3       com.sun.tools.javac.code.Symbol::flatName (5 bytes)
Event: 0.635 Thread 0x0000022213070b60 nmethod 1182 0x000002220017b508 code [0x000002220017b600, 0x000002220017b7c8]
Event: 0.635 Thread 0x0000022213070b60 1183       3       java.lang.String::lastIndexOf (10 bytes)
Event: 0.635 Thread 0x000002221306d2f0 1184       3       java.lang.String::lastIndexOf (18 bytes)
Event: 0.635 Thread 0x0000022213071370 1185       3       java.lang.String::lastIndexOf (104 bytes)
Event: 0.635 Thread 0x0000022213063970 nmethod 1172 0x0000022207bdd808 code [0x0000022207bdd900, 0x0000022207bde040]
Event: 0.635 Thread 0x0000022213063970 1173       4       jdk.internal.jimage.BasicImageReader::getString (35 bytes)
Event: 0.635 Thread 0x0000022213070b60 nmethod 1183 0x000002220017b808 code [0x000002220017b900, 0x000002220017bca8]
Event: 0.635 Thread 0x0000022213070b60 1186       3       com.sun.tools.javac.file.BaseFileManager::getKind (15 bytes)
Event: 0.635 Thread 0x000002221306d2f0 nmethod 1184 0x000002220017bd08 code [0x000002220017be00, 0x000002220017c238]
Event: 0.635 Thread 0x000002221306d2f0 1187       3       java.util.Collections$UnmodifiableCollection::<init> (22 bytes)
Event: 0.635 Thread 0x0000022213070b60 nmethod 1186 0x000002220017c288 code [0x000002220017c380, 0x000002220017c628]
Event: 0.635 Thread 0x0000022213071370 nmethod 1185 0x000002220017c688 code [0x000002220017c780, 0x000002220017cdf0]
Event: 0.635 Thread 0x0000022213071370 1188       3       java.lang.Character::codePointAt (51 bytes)
Event: 0.635 Thread 0x000002221306d2f0 nmethod 1187 0x000002220017ce08 code [0x000002220017cf00, 0x000002220017d1b8]
Event: 0.635 Thread 0x0000022213071370 nmethod 1188 0x000002220017d208 code [0x000002220017d300, 0x000002220017d918]

GC Heap Usage History (10 events):
Event: 0.346 {heap Before GC invocations=0 (full 0):
 garbage-first heap   total reserved 4120576K, committed 10240K, used 5267K [0x0000000704800000, 0x0000000800000000)
  region size 2048K, 2 young (4096K), 0 survivors (0K)
}
Event: 0.349 {heap After GC invocations=1 (full 0):
 garbage-first heap   total reserved 4120576K, committed 10240K, used 2419K [0x0000000704800000, 0x0000000800000000)
  region size 2048K, 1 young (2048K), 1 survivors (2048K)
}
Event: 0.433 {heap Before GC invocations=1 (full 0):
 garbage-first heap   total reserved 4120576K, committed 10240K, used 4467K [0x0000000704800000, 0x0000000800000000)
  region size 2048K, 2 young (4096K), 1 survivors (2048K)
}
Event: 0.436 {heap After GC invocations=2 (full 0):
 garbage-first heap   total reserved 4120576K, committed 10240K, used 2670K [0x0000000704800000, 0x0000000800000000)
  region size 2048K, 1 young (2048K), 1 survivors (2048K)
}
Event: 0.543 {heap Before GC invocations=2 (full 0):
 garbage-first heap   total reserved 4120576K, committed 10240K, used 4718K [0x0000000704800000, 0x0000000800000000)
  region size 2048K, 2 young (4096K), 1 survivors (2048K)
}
Event: 0.546 {heap After GC invocations=3 (full 0):
 garbage-first heap   total reserved 4120576K, committed 10240K, used 3220K [0x0000000704800000, 0x0000000800000000)
  region size 2048K, 1 young (2048K), 1 survivors (2048K)
}
Event: 0.587 {heap Before GC invocations=3 (full 0):
 garbage-first heap   total reserved 4120576K, committed 10240K, used 5268K [0x0000000704800000, 0x0000000800000000)
  region size 2048K, 2 young (4096K), 1 survivors (2048K)
}
Event: 0.589 {heap After GC invocations=4 (full 0):
 garbage-first heap   total reserved 4120576K, committed 10240K, used 3724K [0x0000000704800000, 0x0000000800000000)
  region size 2048K, 1 young (2048K), 1 survivors (2048K)
}
Event: 0.620 {heap Before GC invocations=5 (full 0):
 garbage-first heap   total reserved 4120576K, committed 10240K, used 5772K [0x0000000704800000, 0x0000000800000000)
  region size 2048K, 2 young (4096K), 1 survivors (2048K)
}
Event: 0.623 {heap After GC invocations=6 (full 0):
 garbage-first heap   total reserved 4120576K, committed 10240K, used 4145K [0x0000000704800000, 0x0000000800000000)
  region size 2048K, 1 young (2048K), 1 survivors (2048K)
}

Metaspace Usage History (10 events):
Event: 0.346 {metaspace Before GC invocations=0 (full 0):
 Metaspace       used 3460K, committed 3584K, reserved 1114112K
  class space    used 453K, committed 512K, reserved 1048576K
}
Event: 0.349 {metaspace After GC invocations=1 (full 0):
 Metaspace       used 3460K, committed 3584K, reserved 1114112K
  class space    used 453K, committed 512K, reserved 1048576K
}
Event: 0.433 {metaspace Before GC invocations=1 (full 0):
 Metaspace       used 5701K, committed 5888K, reserved 1114112K
  class space    used 691K, committed 768K, reserved 1048576K
}
Event: 0.436 {metaspace After GC invocations=2 (full 0):
 Metaspace       used 5701K, committed 5888K, reserved 1114112K
  class space    used 691K, committed 768K, reserved 1048576K
}
Event: 0.543 {metaspace Before GC invocations=2 (full 0):
 Metaspace       used 7655K, committed 7808K, reserved 1114112K
  class space    used 898K, committed 960K, reserved 1048576K
}
Event: 0.546 {metaspace After GC invocations=3 (full 0):
 Metaspace       used 7655K, committed 7808K, reserved 1114112K
  class space    used 898K, committed 960K, reserved 1048576K
}
Event: 0.587 {metaspace Before GC invocations=3 (full 0):
 Metaspace       used 7928K, committed 8128K, reserved 1114112K
  class space    used 929K, committed 1024K, reserved 1048576K
}
Event: 0.589 {metaspace After GC invocations=4 (full 0):
 Metaspace       used 7928K, committed 8128K, reserved 1114112K
  class space    used 929K, committed 1024K, reserved 1048576K
}
Event: 0.620 {metaspace Before GC invocations=5 (full 0):
 Metaspace       used 8029K, committed 8192K, reserved 1114112K
  class space    used 951K, committed 1024K, reserved 1048576K
}
Event: 0.623 {metaspace After GC invocations=6 (full 0):
 Metaspace       used 8029K, committed 8192K, reserved 1114112K
  class space    used 951K, committed 1024K, reserved 1048576K
}

Dll operation events (4 events):
Event: 0.010 Loaded shared library C:\Program Files\Eclipse Adoptium\jdk-25.0.2.10-hotspot\bin\java.dll
Event: 0.118 Loaded shared library C:\Program Files\Eclipse Adoptium\jdk-25.0.2.10-hotspot\bin\jimage.dll
Event: 0.232 Loaded shared library C:\Program Files\Eclipse Adoptium\jdk-25.0.2.10-hotspot\bin\net.dll
Event: 0.236 Loaded shared library C:\Program Files\Eclipse Adoptium\jdk-25.0.2.10-hotspot\bin\nio.dll

Deoptimization events (20 events):
Event: 0.562 Thread 0x000002227111f510 Uncommon trap: trap_request=0xffffffde fr.pc=0x0000022207bcb97c relative=0x000000000000037c
Event: 0.562 Thread 0x000002227111f510 Uncommon trap: reason=class_check action=maybe_recompile pc=0x0000022207bcb97c method=java.util.HashMap.getNode(Ljava/lang/Object;)Ljava/util/HashMap$Node; @ 82 c2
Event: 0.562 Thread 0x000002227111f510 DEOPT PACKING pc=0x0000022207bcb97c sp=0x000000d0d56fe240
Event: 0.562 Thread 0x000002227111f510 DEOPT UNPACKING pc=0x000002220756ec82 sp=0x000000d0d56fe1b0 mode 2
Event: 0.562 Thread 0x000002227111f510 Uncommon trap: trap_request=0xffffffde fr.pc=0x0000022207bcb97c relative=0x000000000000037c
Event: 0.562 Thread 0x000002227111f510 Uncommon trap: reason=class_check action=maybe_recompile pc=0x0000022207bcb97c method=java.util.HashMap.getNode(Ljava/lang/Object;)Ljava/util/HashMap$Node; @ 82 c2
Event: 0.562 Thread 0x000002227111f510 DEOPT PACKING pc=0x0000022207bcb97c sp=0x000000d0d56fe240
Event: 0.562 Thread 0x000002227111f510 DEOPT UNPACKING pc=0x000002220756ec82 sp=0x000000d0d56fe1b0 mode 2
Event: 0.594 Thread 0x000002227111f510 Uncommon trap: trap_request=0xffffffde fr.pc=0x0000022207bd5d40 relative=0x0000000000000840
Event: 0.594 Thread 0x000002227111f510 Uncommon trap: reason=class_check action=maybe_recompile pc=0x0000022207bd5d40 method=java.util.HashMap.putVal(ILjava/lang/Object;Ljava/lang/Object;ZZ)Ljava/lang/Object; @ 253 c2
Event: 0.594 Thread 0x000002227111f510 DEOPT PACKING pc=0x0000022207bd5d40 sp=0x000000d0d56fea40
Event: 0.594 Thread 0x000002227111f510 DEOPT UNPACKING pc=0x000002220756ec82 sp=0x000000d0d56fe930 mode 2
Event: 0.594 Thread 0x000002227111f510 Uncommon trap: trap_request=0xffffffde fr.pc=0x0000022207bd5d40 relative=0x0000000000000840
Event: 0.594 Thread 0x000002227111f510 Uncommon trap: reason=class_check action=maybe_recompile pc=0x0000022207bd5d40 method=java.util.HashMap.putVal(ILjava/lang/Object;Ljava/lang/Object;ZZ)Ljava/lang/Object; @ 253 c2
Event: 0.594 Thread 0x000002227111f510 DEOPT PACKING pc=0x0000022207bd5d40 sp=0x000000d0d56fe9c0
Event: 0.594 Thread 0x000002227111f510 DEOPT UNPACKING pc=0x000002220756ec82 sp=0x000000d0d56fe8b0 mode 2
Event: 0.610 Thread 0x000002227111f510 Uncommon trap: trap_request=0xffffffc6 fr.pc=0x0000022207bce308 relative=0x0000000000000388
Event: 0.610 Thread 0x000002227111f510 Uncommon trap: reason=bimorphic_or_optimized_type_check action=maybe_recompile pc=0x0000022207bce308 method=java.util.HashMap.getNode(Ljava/lang/Object;)Ljava/util/HashMap$Node; @ 63 c2
Event: 0.610 Thread 0x000002227111f510 DEOPT PACKING pc=0x0000022207bce308 sp=0x000000d0d56fe0f0
Event: 0.610 Thread 0x000002227111f510 DEOPT UNPACKING pc=0x000002220756ec82 sp=0x000000d0d56fdff8 mode 2

Classes loaded (20 events):
Event: 0.534 Loading class java/util/function/BooleanSupplier
Event: 0.534 Loading class java/util/function/BooleanSupplier done
Event: 0.535 Loading class jdk/internal/jimage/ImageReader$Resource
Event: 0.535 Loading class jdk/internal/jimage/ImageReader$Resource done
Event: 0.535 Loading class jdk/internal/jrtfs/JrtFileAttributes
Event: 0.535 Loading class jdk/internal/jrtfs/JrtFileAttributes done
Event: 0.536 Loading class java/util/Collections$SingletonList
Event: 0.536 Loading class java/util/Collections$SingletonList done
Event: 0.548 Loading class java/util/LinkedHashMap$LinkedValues
Event: 0.548 Loading class java/util/LinkedHashMap$LinkedValues done
Event: 0.548 Loading class java/util/LinkedHashMap$LinkedValueIterator
Event: 0.548 Loading class java/util/LinkedHashMap$LinkedValueIterator done
Event: 0.549 Loading class java/util/regex/Pattern$Bound
Event: 0.549 Loading class java/util/regex/Pattern$Bound done
Event: 0.600 Loading class java/util/RegularEnumSet$EnumSetIterator
Event: 0.600 Loading class java/util/RegularEnumSet$EnumSetIterator done
Event: 0.615 Loading class java/nio/file/Files$AcceptAllFilter
Event: 0.615 Loading class java/nio/file/Files$AcceptAllFilter done
Event: 0.615 Loading class java/nio/file/Files$2
Event: 0.616 Loading class java/nio/file/Files$2 done

Classes unloaded (0 events):
No events

Classes redefined (0 events):
No events

Internal exceptions (18 events):
Event: 0.162 Thread 0x000002227111f510 Exception <a 'java/lang/NoSuchMethodError'{0x0000000704f8b788}: 'void java.lang.invoke.DirectMethodHandle$Holder.invokeSpecial(java.lang.Object, java.lang.Object, java.lang.Object)'> (0x0000000704f8b788) 
thrown [s\src\hotspot\share\interpreter\linkResolver.cpp, line 804]
Event: 0.267 Thread 0x000002227111f510 Exception <a 'java/lang/NoSuchMethodError'{0x0000000704d06440}: 'int java.lang.invoke.DirectMethodHandle$Holder.invokeVirtual(java.lang.Object, java.lang.Object, java.lang.Object)'> (0x0000000704d06440) 
thrown [s\src\hotspot\share\interpreter\linkResolver.cpp, line 804]
Event: 0.269 Thread 0x000002227111f510 Exception <a 'java/lang/NoSuchMethodError'{0x0000000704d16060}: 'void java.lang.invoke.DirectMethodHandle$Holder.invokeInterface(java.lang.Object, java.lang.Object, java.lang.Object)'> (0x0000000704d16060) 
thrown [s\src\hotspot\share\interpreter\linkResolver.cpp, line 804]
Event: 0.275 Thread 0x000002227111f510 Exception <a 'java/lang/NoSuchMethodError'{0x0000000704d3bb18}: 'java.lang.Object java.lang.invoke.DirectMethodHandle$Holder.invokeStaticInit(java.lang.Object)'> (0x0000000704d3bb18) 
thrown [s\src\hotspot\share\interpreter\linkResolver.cpp, line 804]
Event: 0.360 Thread 0x000002227111f510 Exception <a 'java/lang/NoSuchMethodError'{0x0000000704e25f18}: 'int java.lang.invoke.DirectMethodHandle$Holder.invokeStaticInit(java.lang.Object, java.lang.Object)'> (0x0000000704e25f18) 
thrown [s\src\hotspot\share\interpreter\linkResolver.cpp, line 804]
Event: 0.376 Thread 0x000002227111f510 Exception <a 'java/lang/NoSuchMethodError'{0x0000000704e689b0}: 'java.lang.Object java.lang.invoke.DirectMethodHandle$Holder.newInvokeSpecial(java.lang.Object, java.lang.Object, int)'> (0x0000000704e689b0) 
thrown [s\src\hotspot\share\interpreter\linkResolver.cpp, line 804]
Event: 0.398 Thread 0x000002227111f510 Exception <a 'java/lang/NoSuchMethodError'{0x0000000704ea1950}: 'void java.lang.invoke.DirectMethodHandle$Holder.invokeStatic(java.lang.Object, java.lang.Object, java.lang.Object)'> (0x0000000704ea1950) 
thrown [s\src\hotspot\share\interpreter\linkResolver.cpp, line 804]
Event: 0.420 Thread 0x000002227111f510 Exception <a 'java/lang/NoSuchMethodError'{0x0000000704f26c18}: 'int java.lang.invoke.DirectMethodHandle$Holder.invokeVirtual(java.lang.Object, java.lang.Object)'> (0x0000000704f26c18) 
thrown [s\src\hotspot\share\interpreter\linkResolver.cpp, line 804]
Event: 0.424 Thread 0x000002227111f510 Exception <a 'java/lang/NoSuchMethodError'{0x0000000704f91400}: 'java.lang.Object java.lang.invoke.DirectMethodHandle$Holder.newInvokeSpecial(java.lang.Object, java.lang.Object, java.lang.Object, java.lang.Object, java.lang.Object)'> (0x0000000704f91400) 
thrown [s\src\hotspot\share\interpreter\linkResolver.cpp, line 804]
Event: 0.427 Thread 0x000002227111f510 Exception <a 'java/lang/NoSuchMethodError'{0x0000000704facf10}: 'java.lang.Object java.lang.invoke.DirectMethodHandle$Holder.newInvokeSpecial(java.lang.Object, java.lang.Object, java.lang.Object, java.lang.Object, java.lang.Object, java.lang.Object)'> (0x0000000704facf10) 
thrown [s\src\hotspot\share\interpreter\linkResolver.cpp, line 804]
Event: 0.431 Thread 0x000002227111f510 Exception <a 'java/lang/NoSuchMethodError'{0x0000000704fdeb78}: 'java.lang.Object java.lang.invoke.DirectMethodHandle$Holder.newInvokeSpecial(java.lang.Object, java.lang.Object, java.lang.Object, int)'> (0x0000000704fdeb78) 
thrown [s\src\hotspot\share\interpreter\linkResolver.cpp, line 804]
Event: 0.432 Thread 0x000002227111f510 Exception <a 'java/lang/NoSuchMethodError'{0x0000000704fe7b38}: 'java.lang.Object java.lang.invoke.Invokers$Holder.linkToTargetMethod(java.lang.Object, java.lang.Object, int, java.lang.Object)'> (0x0000000704fe7b38) 
thrown [s\src\hotspot\share\interpreter\linkResolver.cpp, line 804]
Event: 0.432 Thread 0x000002227111f510 Exception <a 'java/lang/NoSuchMethodError'{0x0000000704ff0138}: 'java.lang.Object java.lang.invoke.DirectMethodHandle$Holder.invokeVirtual(java.lang.Object, java.lang.Object, java.lang.Object)'> (0x0000000704ff0138) 
thrown [s\src\hotspot\share\interpreter\linkResolver.cpp, line 804]
Event: 0.458 Thread 0x000002227111f510 Exception <a 'java/lang/NoSuchMethodError'{0x0000000704eb58b0}: 'int java.lang.invoke.DirectMethodHandle$Holder.invokeInterface(java.lang.Object, java.lang.Object)'> (0x0000000704eb58b0) 
thrown [s\src\hotspot\share\interpreter\linkResolver.cpp, line 804]
Event: 0.459 Thread 0x000002227111f510 Exception <a 'sun/nio/fs/WindowsException'{0x0000000704ec55a8}> (0x0000000704ec55a8) 
thrown [s\src\hotspot\share\prims\jni.cpp, line 516]
Event: 0.560 Thread 0x000002227111f510 Exception <a 'java/lang/NoSuchMethodError'{0x0000000704e66930}: 'java.lang.Object java.lang.invoke.DirectMethodHandle$Holder.invokeVirtual(java.lang.Object, java.lang.Object, int)'> (0x0000000704e66930) 
thrown [s\src\hotspot\share\interpreter\linkResolver.cpp, line 804]
Event: 0.602 Thread 0x000002227111f510 Exception <a 'java/lang/NoSuchMethodError'{0x0000000704e923f8}: 'void java.lang.invoke.DirectMethodHandle$Holder.invokeStatic(java.lang.Object, java.lang.Object)'> (0x0000000704e923f8) 
thrown [s\src\hotspot\share\interpreter\linkResolver.cpp, line 804]
Event: 0.603 Thread 0x000002227111f510 Exception <a 'sun/nio/fs/WindowsException'{0x0000000704eaa008}> (0x0000000704eaa008) 
thrown [s\src\hotspot\share\prims\jni.cpp, line 516]

VM Operations (20 events):
Event: 0.287 Executing non-safepoint VM operation: HandshakeAllThreads (Deoptimize)
Event: 0.287 Executing non-safepoint VM operation: HandshakeAllThreads (Deoptimize) done
Event: 0.346 Executing safepoint VM operation: G1CollectForAllocation (G1 Evacuation Pause)
Event: 0.349 Executing safepoint VM operation: G1CollectForAllocation (G1 Evacuation Pause) done
Event: 0.433 Executing safepoint VM operation: G1CollectForAllocation (G1 Evacuation Pause)
Event: 0.436 Executing safepoint VM operation: G1CollectForAllocation (G1 Evacuation Pause) done
Event: 0.461 Executing non-safepoint VM operation: HandshakeAllThreads (Deoptimize)
Event: 0.462 Executing non-safepoint VM operation: HandshakeAllThreads (Deoptimize) done
Event: 0.529 Executing non-safepoint VM operation: HandshakeAllThreads (Deoptimize)
Event: 0.529 Executing non-safepoint VM operation: HandshakeAllThreads (Deoptimize) done
Event: 0.543 Executing safepoint VM operation: G1CollectForAllocation (G1 Evacuation Pause)
Event: 0.546 Executing safepoint VM operation: G1CollectForAllocation (G1 Evacuation Pause) done
Event: 0.587 Executing safepoint VM operation: G1CollectForAllocation (G1 Evacuation Pause)
Event: 0.589 Executing safepoint VM operation: G1CollectForAllocation (G1 Evacuation Pause) done
Event: 0.592 Executing safepoint VM operation: G1PauseRemark
Event: 0.593 Executing safepoint VM operation: G1PauseRemark done
Event: 0.594 Executing safepoint VM operation: G1PauseCleanup
Event: 0.594 Executing safepoint VM operation: G1PauseCleanup done
Event: 0.620 Executing safepoint VM operation: G1CollectForAllocation (G1 Evacuation Pause)
Event: 0.623 Executing safepoint VM operation: G1CollectForAllocation (G1 Evacuation Pause) done

Memory protections (0 events):
No events

Nmethod flushes (0 events):
No events

Events (15 events):
Event: 0.063 Thread 0x000002227111f510 Thread added: 0x000002227111f510
Event: 0.077 Thread 0x000002227111f510 Thread added: 0x000002221304da50
Event: 0.077 Thread 0x000002227111f510 Thread added: 0x000002221304e210
Event: 0.078 Thread 0x000002227111f510 Thread added: 0x0000022213051e50
Event: 0.078 Thread 0x000002227111f510 Thread added: 0x0000022213052a10
Event: 0.078 Thread 0x000002227111f510 Thread added: 0x00000222130555e0
Event: 0.078 Thread 0x000002227111f510 Thread added: 0x00000222130561a0
Event: 0.078 Thread 0x000002227111f510 Thread added: 0x0000022213063970
Event: 0.078 Thread 0x000002227111f510 Thread added: 0x000002221306d2f0
Event: 0.096 Thread 0x000002221306d2f0 Thread added: 0x0000022213071370
Event: 0.096 Thread 0x000002221306d2f0 Thread added: 0x0000022213070b60
Event: 0.104 Thread 0x0000022213071370 Thread added: 0x0000022213071b80
Event: 0.113 Thread 0x000002227111f510 Thread added: 0x0000022213817b50
Event: 0.229 Thread 0x000002227111f510 Thread added: 0x00000222139385d0
Event: 0.628 Thread 0x0000022213071b80 Thread added: 0x000002221306db00


Dynamic libraries:
0x00007ff6fa920000 - 0x00007ff6fa928000 	C:\Program Files\Eclipse Adoptium\jdk-25.0.2.10-hotspot\bin\javac.exe
0x00007ffe9c570000 - 0x00007ffe9c787000 	C:\Windows\SYSTEM32\ntdll.dll
0x00007ffe9b030000 - 0x00007ffe9b0f4000 	C:\Windows\System32\KERNEL32.DLL
0x00007ffe99b20000 - 0x00007ffe99edc000 	C:\Windows\System32\KERNELBASE.dll
0x00007ffe99ee0000 - 0x00007ffe99ff1000 	C:\Windows\System32\ucrtbase.dll
0x00007ffe86d80000 - 0x00007ffe86d9e000 	C:\Program Files\Eclipse Adoptium\jdk-25.0.2.10-hotspot\bin\VCRUNTIME140.dll
0x00007ffe868e0000 - 0x00007ffe868f6000 	C:\Program Files\Eclipse Adoptium\jdk-25.0.2.10-hotspot\bin\jli.dll
0x00007ffe9b550000 - 0x00007ffe9b6fe000 	C:\Windows\System32\USER32.dll
0x00007ffe9a260000 - 0x00007ffe9a286000 	C:\Windows\System32\win32u.dll
0x00007ffe9b2c0000 - 0x00007ffe9b2e9000 	C:\Windows\System32\GDI32.dll
0x00007ffe99860000 - 0x00007ffe9997b000 	C:\Windows\System32\gdi32full.dll
0x00007ffe99a00000 - 0x00007ffe99a9a000 	C:\Windows\System32\msvcp_win.dll
0x00007ffe85020000 - 0x00007ffe852b2000 	C:\Windows\WinSxS\amd64_microsoft.windows.common-controls_6595b64144ccf1df_6.0.22621.4435_none_270f767f73860d61\COMCTL32.dll
0x00007ffe9b100000 - 0x00007ffe9b1a7000 	C:\Windows\System32\msvcrt.dll
0x00007ffe9ae80000 - 0x00007ffe9aeb1000 	C:\Windows\System32\IMM32.DLL
0x00007ffe926c0000 - 0x00007ffe926cc000 	C:\Program Files\Eclipse Adoptium\jdk-25.0.2.10-hotspot\bin\vcruntime140_1.dll
0x00007ffe35070000 - 0x00007ffe350fd000 	C:\Program Files\Eclipse Adoptium\jdk-25.0.2.10-hotspot\bin\msvcp140.dll
0x00007ffdde650000 - 0x00007ffddf576000 	C:\Program Files\Eclipse Adoptium\jdk-25.0.2.10-hotspot\bin\server\jvm.dll
0x00007ffe9a7f0000 - 0x00007ffe9a8a2000 	C:\Windows\System32\ADVAPI32.dll
0x00007ffe9b210000 - 0x00007ffe9b2b7000 	C:\Windows\System32\sechost.dll
0x00007ffe9a000000 - 0x00007ffe9a028000 	C:\Windows\System32\bcrypt.dll
0x00007ffe9a340000 - 0x00007ffe9a454000 	C:\Windows\System32\RPCRT4.dll
0x00007ffe9a290000 - 0x00007ffe9a301000 	C:\Windows\System32\WS2_32.dll
0x00007ffe99490000 - 0x00007ffe994dd000 	C:\Windows\SYSTEM32\POWRPROF.dll
0x00007ffe93cd0000 - 0x00007ffe93d04000 	C:\Windows\SYSTEM32\WINMM.dll
0x00007ffe8f0f0000 - 0x00007ffe8f0fa000 	C:\Windows\SYSTEM32\VERSION.dll
0x00007ffe99260000 - 0x00007ffe99273000 	C:\Windows\SYSTEM32\UMPDC.dll
0x00007ffe98860000 - 0x00007ffe98878000 	C:\Windows\SYSTEM32\kernel.appcore.dll
0x00007ffe924b0000 - 0x00007ffe924ba000 	C:\Program Files\Eclipse Adoptium\jdk-25.0.2.10-hotspot\bin\jimage.dll
0x00007ffe97190000 - 0x00007ffe973c2000 	C:\Windows\SYSTEM32\DBGHELP.DLL
0x00007ffe9a460000 - 0x00007ffe9a7ef000 	C:\Windows\System32\combase.dll
0x00007ffe9a9b0000 - 0x00007ffe9aa87000 	C:\Windows\System32\OLEAUT32.dll
0x00007ffe7c3f0000 - 0x00007ffe7c422000 	C:\Windows\SYSTEM32\dbgcore.DLL
0x00007ffe99980000 - 0x00007ffe999fb000 	C:\Windows\System32\bcryptPrimitives.dll
0x00007ffe81d00000 - 0x00007ffe81d1e000 	C:\Program Files\Eclipse Adoptium\jdk-25.0.2.10-hotspot\bin\java.dll
0x00007ffe9b2f0000 - 0x00007ffe9b490000 	C:\Windows\System32\ole32.dll
0x00007ffe9b7d0000 - 0x00007ffe9c04d000 	C:\Windows\System32\SHELL32.dll
0x00007ffe97750000 - 0x00007ffe9805e000 	C:\Windows\SYSTEM32\windows.storage.dll
0x00007ffe97610000 - 0x00007ffe9774f000 	C:\Windows\SYSTEM32\wintypes.dll
0x00007ffe9a8b0000 - 0x00007ffe9a9aa000 	C:\Windows\System32\SHCORE.dll
0x00007ffe9c050000 - 0x00007ffe9c0ae000 	C:\Windows\System32\shlwapi.dll
0x00007ffe99790000 - 0x00007ffe997bb000 	C:\Windows\SYSTEM32\profapi.dll
0x00007ffe81b60000 - 0x00007ffe81b71000 	C:\Program Files\Eclipse Adoptium\jdk-25.0.2.10-hotspot\bin\net.dll
0x00007ffe98cd0000 - 0x00007ffe98d39000 	C:\Windows\system32\mswsock.dll
0x00007ffe819d0000 - 0x00007ffe819e6000 	C:\Program Files\Eclipse Adoptium\jdk-25.0.2.10-hotspot\bin\nio.dll

JVMTI agents: none

dbghelp: loaded successfully - version: 4.0.5 - missing functions: none
symbol engine: initialized successfully - sym options: 0x614 - pdb path: .;C:\Program Files\Eclipse Adoptium\jdk-25.0.2.10-hotspot\bin;C:\Windows\SYSTEM32;C:\Windows\WinSxS\amd64_microsoft.windows.common-controls_6595b64144ccf1df_6.0.22621.4435_none_270f767f73860d61;C:\Program Files\Eclipse Adoptium\jdk-25.0.2.10-hotspot\bin\server

VM Arguments:
jvm_args: -Dapplication.home=C:\Program Files\Eclipse Adoptium\jdk-25.0.2.10-hotspot --add-modules=ALL-DEFAULT -Xms8m -Djdk.module.main=jdk.compiler 
java_command: jdk.compiler/com.sun.tools.javac.Main User.java
java_class_path (initial): <not set>
Launcher Type: SUN_STANDARD

[Global flags]
     intx CICompilerCount                          = 12                                        {product} {ergonomic}
     uint ConcGCThreads                            = 3                                         {product} {ergonomic}
     uint G1ConcRefinementThreads                  = 13                                        {product} {ergonomic}
   size_t G1HeapRegionSize                         = 2097152                                   {product} {ergonomic}
   size_t InitialHeapSize                          = 8388608                                   {product} {command line}
   size_t MarkStackSize                            = 4194304                                   {product} {ergonomic}
   size_t MarkStackSizeMax                         = 536870912                                 {product} {ergonomic}
   size_t MaxHeapSize                              = 4219469824                                {product} {ergonomic}
   size_t MaxNewSize                               = 2531262464                                {product} {ergonomic}
   size_t MinHeapDeltaBytes                        = 2097152                                   {product} {ergonomic}
   size_t MinHeapSize                              = 8388608                                   {product} {command line}
    uintx NonNMethodCodeHeapSize                   = 7602176                                {pd product} {ergonomic}
    uintx NonProfiledCodeHeapSize                  = 122093568                              {pd product} {ergonomic}
    uintx ProfiledCodeHeapSize                     = 121962496                              {pd product} {ergonomic}
    uintx ReservedCodeCacheSize                    = 251658240                              {pd product} {ergonomic}
     bool SegmentedCodeCache                       = true                                      {product} {ergonomic}
   size_t SoftMaxHeapSize                          = 4219469824                             {manageable} {ergonomic}
     bool UseCompressedOops                        = true                           {product lp64_product} {ergonomic}
     bool UseG1GC                                  = true                                      {product} {ergonomic}
     bool UseLargePagesIndividualAllocation        = false                                  {pd product} {ergonomic}

Logging:
Log output configuration:
 #0: stdout all=warning uptime,level,tags foldmultilines=false
 #1: stderr all=off uptime,level,tags foldmultilines=false

Release file:
IMPLEMENTOR="Eclipse Adoptium" 
IMPLEMENTOR_VERSION="Temurin-25.0.2+10" 
JAVA_RUNTIME_VERSION="25.0.2+10-LTS" 
JAVA_VERSION="25.0.2" 
JAVA_VERSION_DATE="2026-01-20" 
LIBC="default" 
MODULES="java.base java.compiler java.datatransfer java.xml java.prefs java.desktop java.instrument java.logging java.management java.security.sasl java.naming java.rmi java.management.rmi java.net.http java.scripting java.security.jgss java.transaction.xa java.sql java.sql.rowset java.xml.crypto java.se java.smartcardio jdk.accessibility jdk.internal.jvmstat jdk.attach jdk.charsets jdk.internal.opt jdk.zipfs jdk.compiler jdk.crypto.cryptoki jdk.crypto.ec jdk.crypto.mscapi jdk.dynalink jdk.internal.ed jdk.editpad jdk.internal.vm.ci jdk.graal.compiler jdk.graal.compiler.management jdk.hotspot.agent jdk.httpserver jdk.incubator.vector jdk.internal.le jdk.internal.md jdk.jartool jdk.javadoc jdk.jcmd jdk.management jdk.management.agent jdk.jconsole jdk.jdeps jdk.jdwp.agent jdk.jdi jdk.jfr jdk.jlink jdk.jpackage jdk.jshell jdk.jsobject jdk.jstatd jdk.localedata jdk.management.jfr jdk.naming.dns jdk.naming.rmi jdk.net jdk.nio.mapmode jdk.sctp jdk.security.auth jdk.security.jgss jdk.unsupported jdk.unsupported.desktop jdk.xml.dom" 
OS_ARCH="x86_64" 
OS_NAME="Windows" 
SOURCE=".:git:9e3c947043a4" 
BUILD_SOURCE="git:458965074606f027bd5afce2cfd5c1055dea0438"
BUILD_SOURCE_REPO="https://github.com/adoptium/temurin-build.git"
SOURCE_REPO="https://github.com/adoptium/jdk25u.git"
FULL_VERSION="25.0.2+10-LTS"
SEMANTIC_VERSION="25.0.2+10"
BUILD_INFO="OS: Windows Server 2022 Version: 10.0"
JVM_VARIANT="Hotspot"
JVM_VERSION="25.0.2+10-LTS"
IMAGE_TYPE="JDK"

Environment Variables:
PATH=C:\Program Files\Eclipse Adoptium\jdk-25.0.2.10-hotspot\bin;C:\Program Files (x86)\Common Files\Oracle\Java\java8path;C:\Program Files (x86)\Common Files\Oracle\Java\javapath;C:\Windows\system32;C:\Windows;C:\Windows\System32\Wbem;C:\Windows\System32\WindowsPowerShell\v1.0\;C:\Windows\System32\OpenSSH\;C:\Program Files\NVIDIA Corporation\NVIDIA NvDLISR;C:\Program Files (x86)\Windows Kits\8.1\Windows Performance Toolkit\;C:\Program Files\dotnet\;C:\Program Files\Git\cmd;C:\Program Files\nodejs\;C:\Program Files\MongoDB\Server\8.2\bin;C:\Program Files\mongosh\bin;C:\Users\Shashaank\.local\bin;C:\Users\Shashaank\AppData\Local\Microsoft\WindowsApps;C:\MinGW\bin;C:\Users\Shashaank\AppData\Local\spicetify;C:\Users\Shashaank\AppData\Local\Programs\Microsoft VS Code\bin;C:\Users\Shashaank\AppData\Local\GitHubDesktop\bin;C:\Users\Shashaank\AppData\Roaming\npm
USERNAME=Shashaank
OS=Windows_NT
PROCESSOR_IDENTIFIER=Intel64 Family 6 Model 183 Stepping 1, GenuineIntel
TMP=C:\Users\SHASHA~1\AppData\Local\Temp
TEMP=C:\Users\SHASHA~1\AppData\Local\Temp




Compilation memory statistics disabled.

Periodic native trim disabled

---------------  S Y S T E M  ---------------

OS:
 Windows 11 , 64 bit Build 22621 (10.0.22621.4435)
OS uptime: 2 days 0:34 hours
Hyper-V role detected

CPU: total 16 (initial active 16) (8 cores per cpu, 2 threads per core) family 6 model 183 stepping 1 microcode 0x12e, cx8, cmov, fxsr, ht, mmx, 3dnowpref, sse, sse2, sse3, ssse3, sse4.1, sse4.2, popcnt, lzcnt, tsc, tscinvbit, avx, avx2, aes, erms, clmul, bmi1, bmi2, adx, sha, fma, vzeroupper, clflush, clflushopt, clwb, hv, serialize, rdtscp, rdpid, fsrm, gfni, f16c, cet_ibt, cet_ss
Processor Information for the first 16 processors :
  Max Mhz: 2400, Current Mhz: 2400, Mhz Limit: 2400

Memory: 4k page, system-wide physical 16091M (1203M free)
TotalPageFile size 22235M (AvailPageFile size 43M)
current process WorkingSet (physical memory assigned to process): 73M, peak: 73M
current process commit charge ("private bytes"): 119M, peak: 121M

vm_info: OpenJDK 64-Bit Server VM (25.0.2+10-LTS) for windows-amd64 JRE (25.0.2+10-LTS), built on 2026-01-20T00:00:00Z with MS VC++ 17.12 (VS2022)

END.
